
> fast-techservices-web@0.1.0 build
> next build

Ôû▓ Next.js 16.1.1 (Turbopack)

  Creating an optimized production build ...
Ô£ô Compiled successfully in 2.1s
  Running TypeScript ...
  Collecting page data using 11 workers ...
  Generating static pages using 11 workers (0/25) ...
  Generating static pages using 11 workers (6/25) 
  Generating static pages using 11 workers (12/25) 
  Generating static pages using 11 workers (18/25) 
Ô£ô Generating static pages using 11 workers (25/25) in 689.0ms
  Finalizing page optimization ...

Route (app)
Ôöî Ôùï /
Ôö£ Ôùï /_not-found
Ôö£ ãÆ /api/contact
Ôö£ Ôùï /confidentialite
Ôö£ Ôùï /contact
Ôö£ Ôùï /fast-remote
Ôö£ Ôùï /mentions-legales
Ôö£ Ôùï /methode
Ôö£ Ôùï /preuves
Ôö£ ÔùÅ /preuves/[slug]
Ôöé Ôö£ /preuves/cas-pont-elevateur
Ôöé Ôö£ /preuves/cas-compresseur
Ôöé Ôöö /preuves/cas-cabine-peinture
Ôö£ Ôùï /robots.txt
Ôö£ Ôùï /services
Ôö£ ÔùÅ /services/[slug]
Ôöé Ôö£ /services/diagnostic-depannage
Ôöé Ôö£ /services/maintenance-industrielle
Ôöé Ôö£ /services/interventions-terrain
Ôöé Ôöö /services/fast-remote
Ôö£ Ôùï /sitemap.xml
Ôö£ Ôùï /zones
Ôöö ÔùÅ /zones/[slug]
  Ôö£ /zones/zone-nord
  Ôö£ /zones/zone-ouest
  Ôöö /zones/zone-sud-est


Ôùï  (Static)   prerendered as static content
ÔùÅ  (SSG)      prerendered as static HTML (uses generateStaticParams)
ãÆ  (Dynamic)  server-rendered on demand

